#-----------------------------------------------------------
# Vivado v2019.1 (64-bit)
# SW Build 2552052 on Fri May 24 14:49:42 MDT 2019
# IP Build 2548770 on Fri May 24 18:01:18 MDT 2019
# Start of session at: Mon Apr 25 13:58:16 2022
# Process ID: 12544
# Current directory: C:/Users/caraccmv/Desktop/git/EE316P6/System/project_6b
# Command line: vivado.exe -gui_launcher_event rodinguilauncherevent10988 C:\Users\caraccmv\Desktop\git\EE316P6\System\project_6b\project_6b.xpr
# Log file: C:/Users/caraccmv/Desktop/git/EE316P6/System/project_6b/vivado.log
# Journal file: C:/Users/caraccmv/Desktop/git/EE316P6/System/project_6b\vivado.jou
#-----------------------------------------------------------
start_gui
open_project C:/Users/caraccmv/Desktop/git/EE316P6/System/project_6b/project_6b.xpr
open_bd_design {C:/Users/caraccmv/Desktop/git/EE316P6/System/project_6b/project_6b.srcs/sources_1/bd/design_1/design_1.bd}
update_compile_order -fileset sources_1
validate_bd_design -force
set_property  ip_repo_paths  {c:/Users/caraccmv/Desktop/git/EE316P6/System/ip_repo/manager_1.0 c:/Users/caraccmv/Desktop/git/EE316P6/System/ip_repo/vga_bram} [current_project]
update_ip_catalog
set_property  ip_repo_paths  c:/Users/caraccmv/Desktop/git/EE316P6/System/ip_repo/vga_bram [current_project]
update_ip_catalog
set_property  ip_repo_paths  {} [current_project]
update_ip_catalog
set_property  ip_repo_paths  C:/Users/caraccmv/Desktop/EE316P6/EE316P6/IPRepo [current_project]
update_ip_catalog
validate_bd_design -force
startgroup
create_bd_cell -type ip -vlnv clarkson.edu:user:S_AXI_VGA_BRAM:1.0 S_AXI_VGA_BRAM_1
endgroup
delete_bd_objs [get_bd_intf_nets manager_0_axi_periph_M01_AXI] [get_bd_nets S_AXI_VGA_BRAM_0_h_sync] [get_bd_nets S_AXI_VGA_BRAM_0_v_sync] [get_bd_nets S_AXI_VGA_BRAM_0_vga_r] [get_bd_nets S_AXI_VGA_BRAM_0_vga_g] [get_bd_nets S_AXI_VGA_BRAM_0_vga_b] [get_bd_cells S_AXI_VGA_BRAM_0]
undo
copy_bd_objs /  [get_bd_cells {S_AXI_VGA_BRAM_1}]
undo
undo
export_ip_user_files -of_objects  [get_files C:/Users/caraccmv/Desktop/git/EE316P6/System/project_6b/project_6b.srcs/sources_1/bd/design_1/hdl/design_1_wrapper.vhd] -no_script -reset -force -quiet
remove_files  C:/Users/caraccmv/Desktop/git/EE316P6/System/project_6b/project_6b.srcs/sources_1/bd/design_1/hdl/design_1_wrapper.vhd
file delete -force C:/Users/caraccmv/Desktop/git/EE316P6/System/project_6b/project_6b.srcs/sources_1/bd/design_1/hdl/design_1_wrapper.vhd
validate_bd_design
report_ip_status -name ip_status 
set_property LOCK_UPGRADE 1 [get_bd_cells /manager_0]
set_property LOCK_UPGRADE 1 [get_bd_cells /S_AXI_VGA_BRAM_0]
set_property LOCK_UPGRADE 1 [get_bd_cells /keyboard_0]
report_ip_status -name ip_status 
report_ip_status -name ip_status 
report_ip_status -name ip_status 
set_property USER_LOCKED 0 [get_ips design_1_keyboard_0_0]
report_ip_status -name ip_status 
set_property USER_LOCKED 0 [get_ips design_1_manager_0_0]
set_property USER_LOCKED 0 [get_ips design_1_S_AXI_VGA_BRAM_0_0]
report_ip_status -name ip_status 
set_property LOCK_UPGRADE 1 [get_bd_cells /manager_0]
set_property LOCK_UPGRADE 1 [get_bd_cells /S_AXI_VGA_BRAM_0]
set_property LOCK_UPGRADE 1 [get_bd_cells /keyboard_0]
report_ip_status -name ip_status 
update_ip_catalog -rebuild
set_property  ip_repo_paths  {} [current_project]
update_ip_catalog
set_property  ip_repo_paths  C:/Users/caraccmv/Desktop/EE316P6/EE316P6/IPRepo [current_project]
update_ip_catalog
update_ip_catalog -rebuild
report_ip_status -name ip_status 
report_ip_status -name ip_status 
delete_bd_objs [get_bd_intf_nets manager_0_M00_AXI] [get_bd_nets keyboard_0_IRQ_O] [get_bd_cells manager_0]
